reEpoch":0,"phase":"prepare","stage":"scene-assets","fraction":0.2,"framesProcessed":null,"framesTotal":null}

stdout | src/worker-job-handler.generate.test.ts > the assets worker phase > builds the real provider through the factory, once per job, with that job's id
{"event":"worker.job.stage","jobId":"job-a","attemptId":"attempt-a","tenantId":"ten_a","workflowPhase":"assets","deletionEpoch":0,"restoreEpoch":0,"phase":"prepare","stage":"scene-assets","fraction":0.2,"framesProcessed":null,"framesTotal":null}

stdout | src/worker-job-handler.generate.test.ts > the assets worker phase > builds the real provider through the factory, once per job, with that job's id
{"event":"worker.job.stage","jobId":"job-a","attemptId":"attempt-a","tenantId":"ten_a","workflowPhase":"assets","deletionEpoch":0,"restoreEpoch":0,"phase":"prepare","stage":"scene-assets","fraction":1,"framesProcessed":null,"framesTotal":null}

stdout | src/worker-job-handler.generate.test.ts > the assets worker phase > passes the material endpoints the API sent through to the factory
{"event":"worker.job.stage","jobId":"job-a","attemptId":"attempt-a","tenantId":"ten_a","workflowPhase":"assets","deletionEpoch":0,"restoreEpoch":0,"phase":"prepare","stage":"scene-assets","fraction":0.2,"framesProcessed":null,"framesTotal":null}

stdout | src/worker-job-handler.generate.test.ts > the assets worker phase > passes the material endpoints the API sent through to the factory
{"event":"worker.job.stage","jobId":"job-a","attemptId":"attempt-a","tenantId":"ten_a","workflowPhase":"assets","deletionEpoch":0,"restoreEpoch":0,"phase":"prepare","stage":"scene-assets","fraction":1,"framesProcessed":null,"framesTotal":null}

stdout | src/worker-job-handler.generate.test.ts > the assets worker phase > never calls generate on the factory's provider for a scene needing only attachments
{"event":"worker.job.stage","jobId":"job-a","attemptId":"attempt-a","tenantId":"ten_a","workflowPhase":"assets","deletionEpoch":0,"restoreEpoch":0,"phase":"prepare","stage":"scene-assets","fraction":0.2,"framesProcessed":null,"framesTotal":null}

stdout | src/worker-job-handler.generate.test.ts > the assets worker phase > never calls generate on the factory's provider for a scene needing only attachments
{"event":"worker.job.stage","jobId":"job-a","attemptId":"attempt-a","tenantId":"ten_a","workflowPhase":"assets","deletionEpoch":0,"restoreEpoch":0,"phase":"prepare","stage":"scene-assets","fraction":1,"framesProcessed":null,"framesTotal":null}

stdout | src/worker-job-handler.generate.test.ts > the gen-render worker phase > fetches every stored asset, renders the scene, and binds its report
{"event":"worker.job.stage","jobId":"job-a","attemptId":"attempt-a","tenantId":"ten_a","workflowPhase":"gen-render","deletionEpoch":0,"restoreEpoch":0,"phase":"render","stage":"scene-assets","fraction":0.05,"framesProcessed":0,"framesTotal":30}

stdout | src/worker-job-handler.generate.test.ts > the gen-render worker phase > fetches every stored asset, renders the scene, and binds its report
{"event":"worker.job.stage","jobId":"job-a","attemptId":"attempt-a","tenantId":"ten_a","workflowPhase":"gen-render","deletionEpoch":0,"restoreEpoch":0,"phase":"render","stage":"scene-render","fraction":0.2,"framesProcessed":0,"framesTotal":30}

stdout | src/worker-job-handler.generate.test.ts > the gen-render worker phase > fetches every stored asset, renders the scene, and binds its report
{"event":"worker.job.stage","jobId":"job-a","attemptId":"attempt-a","tenantId":"ten_a","workflowPhase":"gen-render","deletionEpoch":0,"restoreEpoch":0,"phase":"render","stage":"upload","fraction":0.95,"framesProcessed":30,"framesTotal":30}

stdout | src/worker-job-handler.generate.test.ts > the gen-render worker phase > refuses an asset whose bytes are not the ones the API bound
{"event":"worker.job.stage","jobId":"job-a","attemptId":"attempt-a","tenantId":"ten_a","workflowPhase":"gen-render","deletionEpoch":0,"restoreEpoch":0,"phase":"render","stage":"scene-assets","fraction":0.05,"framesProcessed":0,"framesTotal":30}

stdout | src/worker-job-handler.generate.test.ts > the gen-render worker phase > publishes nothing when audio validation or mux is cancelled
{"event":"worker.job.stage","jobId":"job-a","attemptId":"attempt-a","tenantId":"ten_a","workflowPhase":"gen-render","deletionEpoch":0,"restoreEpoch":0,"phase":"render","stage":"scene-assets","fraction":0.05,"framesProcessed":0,"framesTotal":30}

stdout | src/worker-job-handler.generate.test.ts > the gen-render worker phase > publishes nothing when audio validation or mux is cancelled
{"event":"worker.job.stage","jobId":"job-a","attemptId":"attempt-a","tenantId":"ten_a","workflowPhase":"gen-render","deletionEpoch":0,"restoreEpoch":0,"phase":"render","stage":"scene-render","fraction":0.2,"framesProcessed":0,"framesTotal":30}

 ✓ src/worker-job-handler.generate.test.ts (12 tests) 164ms
 ✓ src/video-decoder.test.ts (17 tests) 234ms
 ✓ src/process-runner.test.ts (5 tests) 72ms
 ✓ src/render-app/generated.test.ts (20 tests) 122ms
 ✓ src/api-relay.test.ts (3 tests) 121ms
 ✓ src/worker-api.test.ts (5 tests) 49ms
 ✓ src/self-hosted-3d-material-provider.test.ts (17 tests) 47ms
stdout | src/worker-daemon.test.ts > worker daemon API > heartbeats during a claimed job and prevents stale completion when one fails
{"event":"worker.job.claimed","workerId":"worker-test","jobId":"job-a","attemptId":"attempt-a","tenantId":null,"phase":null,"deletionEpoch":null,"restoreEpoch":null}

stdout | src/worker-daemon.test.ts > worker daemon API > combines outer cancellation with the claimed-job signal
{"event":"worker.job.claimed","workerId":"worker-test","jobId":"job-a","attemptId":"attempt-a","tenantId":null,"phase":null,"deletionEpoch":null,"restoreEpoch":null}

stdout | src/worker-daemon.test.ts > worker daemon API > reports deterministic handler error codes
{"event":"worker.job.claimed","workerId":"worker-test","jobId":"job-a","attemptId":"attempt-a","tenantId":null,"phase":null,"deletionEpoch":null,"restoreEpoch":null}

 ✓ src/worker-daemon.test.ts (20 tests) 179ms
stdout | src/evidence/render-evidence-video.test.ts > buildEvidenceOverlayFilter > drops the densest tracks rather than building an unrenderable graph
{"event":"worker.evidence.overlay.truncated","tracksDrawn":1,"tracksTotal":2,"maxClauses":4000}

 ✓ src/compiler-orchestrator.test.ts (7 tests) 127ms
 ✓ src/evidence/render-evidence-video.test.ts (12 tests) 29ms
 ✓ src/scene/spec-compile.test.ts (11 tests) 202ms
 ✓ src/partial-render-cache.test.ts (3 tests) 224ms
 ✓ src/remote-image-material-provider.test.ts (4 tests) 10ms
 ✓ src/resolve-scene-assets.test.ts (8 tests) 39ms
 ✓ src/media-normalizer.test.ts (1 test) 24ms
 ✓ src/scene/scene-compiler.test.ts (16 tests) 52ms
 ✓ src/worker-config.test.ts (7 tests) 17ms
 ✓ src/evidence/vfx-labels.test.ts (4 tests) 10ms
 ✓ src/material-provider.test.ts (18 tests) 24ms
 ✓ src/scene-package-archive.test.ts (1 test) 28ms
 ✓ src/worker-preflight.test.ts (13 tests) 42ms
 ✓ src/blender-glb-contract.test.ts (8 tests) 41ms
 ✓ src/evidence/tracks.test.ts (7 tests) 16ms
 ✓ src/render-app/dom-renderer.test.ts (14 tests) 67ms
 ✓ src/generated-video-delivery.test.ts (1 test) 16ms
 ✓ src/render-app/webgl.test.ts (6 tests) 22ms
 ✓ src/blender-capability.test.ts (7 tests) 15ms
 ✓ src/capture/browser.test.ts (6 tests) 24ms
 ✓ src/material-seed.test.ts (4 tests) 9ms
 ↓ src/generated-video-delivery.real.test.ts (1 test | 1 skipped)
 ✓ src/gen-render-delivery.determinism.test.ts (2 tests) 16408ms
   ✓ renderGeneratedDelivery determinism > produces identical frames, metadata and packages across independent processes and CPU load  14222ms
   ✓ renderGeneratedDelivery determinism > renders a 16:9 scene at 1920x1080, not the portrait default  2183ms

 Test Files  37 passed | 1 skipped (38)
      Tests  320 passed | 1 skipped (321)
   Start at  12:45:51
   Duration  17.25s (transform 1.09s, setup 0ms, collect 5.12s, tests 20.70s, environment 10ms, prepare 4.96s)

