$ pnpm --filter @rvs/contracts test
$ vitest run

 RUN  v3.2.4 /home/singlerr/ref_studio-motion-w2/packages/contracts

 ✓ src/scene-spec.test.ts (8 tests) 30ms
 ✓ src/spec-validate.test.ts (18 tests) 34ms
 ✓ src/contracts.test.ts (35 tests) 24ms
 ✓ src/generation.test.ts (5 tests) 11ms
 ✓ src/scene-assets.test.ts (12 tests) 11ms
 ✓ src/motion.test.ts (1 test) 7ms

 Test Files  6 passed (6)
      Tests  79 passed (79)
   Start at  19:20:58
   Duration  1.30s (transform 244ms, setup 0ms, collect 803ms, tests 117ms, environment 2ms, prepare 734ms)

EXIT_CODE=0
$ pnpm --filter @rvs/api test --run src/motion-scene.test.ts src/refine-prompt.test.ts
$ vitest --run src/motion-scene.test.ts src/refine-prompt.test.ts

 RUN  v3.2.4 /home/singlerr/ref_studio-motion-w2/apps/api

 ✓ src/motion-scene.test.ts (3 tests) 12ms
 ✓ src/refine-prompt.test.ts (21 tests) 1942ms

 Test Files  2 passed (2)
      Tests  24 passed (24)
   Start at  19:21:01
   Duration  3.46s (transform 534ms, setup 0ms, collect 1.43s, tests 1.95s, environment 0ms, prepare 220ms)

EXIT_CODE=0
$ node apps/api/database/test.mjs
{"integrity":"ok","negativeCases":6,"duplicateCasAllowed":true,"singleClaim":true,"orderedReceipts":true}
EXIT_CODE=0
$ pnpm --filter @rvs/contracts build
$ tsc --noEmit
EXIT_CODE=0
$ pnpm --filter @rvs/api build
$ tsc && mkdir -p dist/apps/api/database && cp -R database/db.mjs database/seed.sql database/migrations dist/apps/api/database/
EXIT_CODE=0
$ pnpm format:check
$ prettier --check --ignore-unknown --no-error-on-unmatched-pattern '*.*' 'apps/*/*.*' 'apps/*/{compiler,database,scripts,src,test}/**/*' 'compiler/**/*' 'dist/**/*' 'docs/**/*' 'examples/**/*' 'packages/**/*' 'runtime/**/*' 'scripts/**/*' 'tests/**/*' 'verification/**/*'
Checking formatting...
All matched files use Prettier code style!
EXIT_CODE=0
$ motion-scene pure LOC
249
EXIT_CODE=0
$ node scripts/contracts/openapi.mjs
{"status":"generated","operations":8,"schemas":26}
EXIT_CODE=0
$ pnpm format:check (post-generator)
Scope: all 4 workspace projects
✓ Lockfile passes supply-chain policies (verified 6h ago)
Progress: resolved 1, reused 0, downloaded 0, added 0
Progress: resolved 85, reused 57, downloaded 0, added 0
Progress: resolved 175, reused 115, downloaded 0, added 0
[WARN] 1 deprecated subdependencies found: prebuild-install@7.1.3
Already up to date
Progress: resolved 364, reused 241, downloaded 0, added 0, done
[WARN] Issues with peer dependencies found. Run "pnpm peers check" to list them.

Done in 3.9s using pnpm v11.20.0
$ prettier --check --ignore-unknown --no-error-on-unmatched-pattern '*.*' 'apps/*/*.*' 'apps/*/{compiler,database,scripts,src,test}/**/*' 'compiler/**/*' 'dist/**/*' 'docs/**/*' 'examples/**/*' 'packages/**/*' 'runtime/**/*' 'scripts/**/*' 'tests/**/*' 'verification/**/*'
Checking formatting...
All matched files use Prettier code style!
EXIT_CODE=0
$ git diff --check
EXIT_CODE=0
