 Container rvs_final_f3-api-1 Stopping 
 Container rvs_final_f3-runtime-preflight-1 Stopping 
 Container rvs_final_f3-worker-1 Stopping 
 Container rvs_final_f3-qa-1 Stopping 
 Container rvs_final_f3-compiler-1 Stopping 
 Container rvs_final_f3-web-1 Stopping 
 Container rvs_final_f3-runtime-1 Stopping 
 Container rvs_final_f3-qa-audit-egress-1 Stopping 
 Container rvs_final_f3-runtime-1 Stopped 
 Container rvs_final_f3-runtime-1 Removing 
 Container rvs_final_f3-api-1 Stopped 
 Container rvs_final_f3-api-1 Removing 
 Container rvs_final_f3-runtime-preflight-1 Stopped 
 Container rvs_final_f3-runtime-preflight-1 Removing 
 Container rvs_final_f3-worker-1 Stopped 
 Container rvs_final_f3-worker-1 Removing 
 Container rvs_final_f3-web-1 Stopped 
 Container rvs_final_f3-web-1 Removing 
 Container rvs_final_f3-qa-audit-egress-1 Stopped 
 Container rvs_final_f3-qa-audit-egress-1 Removing 
 Container rvs_final_f3-runtime-1 Removed 
 Container rvs_final_f3-worker-1 Removed 
 Container rvs_final_f3-web-1 Removed 
 Container rvs_final_f3-runtime-preflight-1 Removed 
 Container rvs_final_f3-qa-audit-egress-1 Removed 
 Container rvs_final_f3-api-1 Removed 
 Container rvs_final_f3-compiler-1 Stopped 
 Container rvs_final_f3-compiler-1 Removing 
 Container rvs_final_f3-compiler-1 Removed 
 Container rvs_final_f3-qa-1 Stopped 
 Container rvs_final_f3-qa-1 Removing 
 Container rvs_final_f3-qa-1 Removed 
 Network rvs_final_f3_appnet Removing 
 Network rvs_final_f3_default Removing 
 Network rvs_final_f3_default Removed 
 Network rvs_final_f3_appnet Removed 
