ry
{"event":"worker.job.stage","jobId":"job-a","attemptId":"attempt-a","tenantId":"ten_a","workflowPhase":"assets","deletionEpoch":0,"restoreEpoch":0,"phase":"prepare","stage":"scene-assets","fraction":1,"framesProcessed":null,"framesTotal":null}

stdout | src/worker-job-handler.generate.test.ts > the assets worker phase > never calls generate on the factory's provider for a scene needing only attachments
{"event":"worker.job.stage","jobId":"job-a","attemptId":"attempt-a","tenantId":"ten_a","workflowPhase":"assets","deletionEpoch":0,"restoreEpoch":0,"phase":"prepare","stage":"scene-assets","fraction":0.2,"framesProcessed":null,"framesTotal":null}

stdout | src/worker-job-handler.generate.test.ts > the assets worker phase > never calls generate on the factory's provider for a scene needing only attachments
{"event":"worker.job.stage","jobId":"job-a","attemptId":"attempt-a","tenantId":"ten_a","workflowPhase":"assets","deletionEpoch":0,"restoreEpoch":0,"phase":"prepare","stage":"scene-assets","fraction":1,"framesProcessed":null,"framesTotal":null}

stdout | src/worker-job-handler.generate.test.ts > the gen-render worker phase > fetches every stored asset, renders the scene, and binds its report
{"event":"worker.job.stage","jobId":"job-a","attemptId":"attempt-a","tenantId":"ten_a","workflowPhase":"gen-render","deletionEpoch":0,"restoreEpoch":0,"phase":"render","stage":"scene-assets","fraction":0.05,"framesProcessed":0,"framesTotal":30}

stdout | src/worker-job-handler.generate.test.ts > the gen-render worker phase > fetches every stored asset, renders the scene, and binds its report
{"event":"worker.job.stage","jobId":"job-a","attemptId":"attempt-a","tenantId":"ten_a","workflowPhase":"gen-render","deletionEpoch":0,"restoreEpoch":0,"phase":"render","stage":"scene-render","fraction":0.2,"framesProcessed":0,"framesTotal":30}

stdout | src/worker-job-handler.generate.test.ts > the gen-render worker phase > fetches every stored asset, renders the scene, and binds its report
{"event":"worker.job.stage","jobId":"job-a","attemptId":"attempt-a","tenantId":"ten_a","workflowPhase":"gen-render","deletionEpoch":0,"restoreEpoch":0,"phase":"render","stage":"upload","fraction":0.95,"framesProcessed":30,"framesTotal":30}

stdout | src/worker-job-handler.generate.test.ts > the gen-render worker phase > refuses an asset whose bytes are not the ones the API bound
{"event":"worker.job.stage","jobId":"job-a","attemptId":"attempt-a","tenantId":"ten_a","workflowPhase":"gen-render","deletionEpoch":0,"restoreEpoch":0,"phase":"render","stage":"scene-assets","fraction":0.05,"framesProcessed":0,"framesTotal":30}

stdout | src/worker-job-handler.generate.test.ts > the gen-render worker phase > publishes nothing when audio validation or mux is cancelled
{"event":"worker.job.stage","jobId":"job-a","attemptId":"attempt-a","tenantId":"ten_a","workflowPhase":"gen-render","deletionEpoch":0,"restoreEpoch":0,"phase":"render","stage":"scene-assets","fraction":0.05,"framesProcessed":0,"framesTotal":30}

stdout | src/worker-job-handler.generate.test.ts > the gen-render worker phase > publishes nothing when audio validation or mux is cancelled
{"event":"worker.job.stage","jobId":"job-a","attemptId":"attempt-a","tenantId":"ten_a","workflowPhase":"gen-render","deletionEpoch":0,"restoreEpoch":0,"phase":"render","stage":"scene-render","fraction":0.2,"framesProcessed":0,"framesTotal":30}

 ✓ src/worker-job-handler.generate.test.ts (12 tests) 108ms
stdout | src/worker-daemon.test.ts > worker daemon API > heartbeats during a claimed job and prevents stale completion when one fails
{"event":"worker.job.claimed","workerId":"worker-test","jobId":"job-a","attemptId":"attempt-a","tenantId":null,"phase":null,"deletionEpoch":null,"restoreEpoch":null}

stdout | src/worker-daemon.test.ts > worker daemon API > combines outer cancellation with the claimed-job signal
{"event":"worker.job.claimed","workerId":"worker-test","jobId":"job-a","attemptId":"attempt-a","tenantId":null,"phase":null,"deletionEpoch":null,"restoreEpoch":null}

stdout | src/worker-daemon.test.ts > worker daemon API > reports deterministic handler error codes
{"event":"worker.job.claimed","workerId":"worker-test","jobId":"job-a","attemptId":"attempt-a","tenantId":null,"phase":null,"deletionEpoch":null,"restoreEpoch":null}

 ✓ src/worker-daemon.test.ts (20 tests) 190ms
 ✓ src/compiler-orchestrator.test.ts (7 tests) 132ms
 ✓ src/render-app/generated.test.ts (20 tests) 117ms
stdout | src/index.test.ts > worker entrypoint > routes an analysis job through the workflow handler to source download
{"event":"worker.job.stage","jobId":"job-a","attemptId":"attempt-a","tenantId":"ten_a","workflowPhase":"analyze","deletionEpoch":0,"restoreEpoch":0,"phase":"prepare","stage":"download","fraction":0.05,"framesProcessed":null,"framesTotal":null}

stdout | src/index.test.ts > worker entrypoint > routes an object-form asset to the 3D provider, which refuses when unconfigured
{"event":"worker.job.stage","jobId":"job-a","attemptId":"attempt-a","tenantId":"ten_a","workflowPhase":"assets","deletionEpoch":0,"restoreEpoch":0,"phase":"prepare","stage":"scene-assets","fraction":0.2,"framesProcessed":null,"framesTotal":null}

stdout | src/index.test.ts > worker entrypoint > wires the assets phase's real image material provider end to end
{"event":"worker.job.stage","jobId":"job-a","attemptId":"attempt-a","tenantId":"ten_a","workflowPhase":"assets","deletionEpoch":0,"restoreEpoch":0,"phase":"prepare","stage":"scene-assets","fraction":0.2,"framesProcessed":null,"framesTotal":null}

stdout | src/index.test.ts > worker entrypoint > wires the assets phase's real image material provider end to end
{"event":"worker.job.stage","jobId":"job-a","attemptId":"attempt-a","tenantId":"ten_a","workflowPhase":"assets","deletionEpoch":0,"restoreEpoch":0,"phase":"prepare","stage":"scene-assets","fraction":1,"framesProcessed":null,"framesTotal":null}

 ✓ src/index.test.ts (3 tests) 75ms
 ✓ src/api-relay.test.ts (3 tests) 96ms
 ✓ src/render-delivery.test.ts (2 tests) 107ms
 ✓ src/process-runner.test.ts (5 tests) 83ms
 ✓ src/partial-render-cache.test.ts (3 tests) 97ms
 ✓ src/self-hosted-3d-material-provider.test.ts (17 tests) 64ms
 ✓ src/worker-api.test.ts (5 tests) 50ms
 ✓ src/render-app/dom-renderer.test.ts (14 tests) 31ms
 ✓ src/worker-preflight.test.ts (13 tests) 48ms
 ✓ src/scene/scene-compiler.test.ts (16 tests) 43ms
 ✓ src/resolve-scene-assets.test.ts (8 tests) 43ms
 ✓ src/scene-package-archive.test.ts (1 test) 51ms
 ✓ src/material-provider.test.ts (18 tests) 22ms
stdout | src/evidence/render-evidence-video.test.ts > buildEvidenceOverlayFilter > drops the densest tracks rather than building an unrenderable graph
{"event":"worker.evidence.overlay.truncated","tracksDrawn":1,"tracksTotal":2,"maxClauses":4000}

 ✓ src/evidence/render-evidence-video.test.ts (12 tests) 19ms
 ✓ src/render-app/webgl.test.ts (6 tests) 15ms
 ✓ src/blender-glb-contract.test.ts (8 tests) 22ms
 ✓ src/capture/browser.test.ts (6 tests) 12ms
 ✓ src/media-normalizer.test.ts (1 test) 44ms
 ✓ src/evidence/vfx-labels.test.ts (4 tests) 42ms
 ✓ src/worker-config.test.ts (7 tests) 14ms
 ✓ src/generated-video-delivery.test.ts (1 test) 19ms
 ✓ src/evidence/tracks.test.ts (7 tests) 13ms
 ✓ src/remote-image-material-provider.test.ts (4 tests) 16ms
 ✓ src/blender-capability.test.ts (7 tests) 11ms
 ✓ src/material-seed.test.ts (4 tests) 6ms
 ↓ src/generated-video-delivery.real.test.ts (1 test | 1 skipped)
 ✓ src/gen-render-delivery.determinism.test.ts (2 tests) 14797ms
   ✓ renderGeneratedDelivery determinism > produces identical frames, metadata and packages across independent processes and CPU load  12676ms
   ✓ renderGeneratedDelivery determinism > renders a 16:9 scene at 1920x1080, not the portrait default  2119ms

 Test Files  37 passed | 1 skipped (38)
      Tests  321 passed | 1 skipped (322)
   Start at  20:44:12
   Duration  15.65s (transform 1.15s, setup 0ms, collect 5.44s, tests 18.57s, environment 10ms, prepare 4.38s)

