n":0.2,"framesProcessed":null,"framesTotal":null}

stdout | src/worker-job-handler.generate.test.ts > the assets worker phase > builds the real provider through the factory, once per job, with that job's id
{"event":"worker.job.stage","jobId":"job-a","attemptId":"attempt-a","tenantId":"ten_a","workflowPhase":"assets","deletionEpoch":0,"restoreEpoch":0,"phase":"prepare","stage":"scene-assets","fraction":1,"framesProcessed":null,"framesTotal":null}

stdout | src/worker-job-handler.generate.test.ts > the assets worker phase > passes the material endpoints the API sent through to the factory
{"event":"worker.job.stage","jobId":"job-a","attemptId":"attempt-a","tenantId":"ten_a","workflowPhase":"assets","deletionEpoch":0,"restoreEpoch":0,"phase":"prepare","stage":"scene-assets","fraction":0.2,"framesProcessed":null,"framesTotal":null}

stdout | src/worker-job-handler.generate.test.ts > the assets worker phase > passes the material endpoints the API sent through to the factory
{"event":"worker.job.stage","jobId":"job-a","attemptId":"attempt-a","tenantId":"ten_a","workflowPhase":"assets","deletionEpoch":0,"restoreEpoch":0,"phase":"prepare","stage":"scene-assets","fraction":1,"framesProcessed":null,"framesTotal":null}

stdout | src/worker-job-handler.generate.test.ts > the assets worker phase > never calls generate on the factory's provider for a scene needing only attachments
{"event":"worker.job.stage","jobId":"job-a","attemptId":"attempt-a","tenantId":"ten_a","workflowPhase":"assets","deletionEpoch":0,"restoreEpoch":0,"phase":"prepare","stage":"scene-assets","fraction":0.2,"framesProcessed":null,"framesTotal":null}

stdout | src/worker-job-handler.generate.test.ts > the assets worker phase > never calls generate on the factory's provider for a scene needing only attachments
{"event":"worker.job.stage","jobId":"job-a","attemptId":"attempt-a","tenantId":"ten_a","workflowPhase":"assets","deletionEpoch":0,"restoreEpoch":0,"phase":"prepare","stage":"scene-assets","fraction":1,"framesProcessed":null,"framesTotal":null}

stdout | src/worker-job-handler.generate.test.ts > the gen-render worker phase > fetches every stored asset, renders the scene, and binds its report
{"event":"worker.job.stage","jobId":"job-a","attemptId":"attempt-a","tenantId":"ten_a","workflowPhase":"gen-render","deletionEpoch":0,"restoreEpoch":0,"phase":"render","stage":"scene-assets","fraction":0.05,"framesProcessed":0,"framesTotal":30}

stdout | src/worker-job-handler.generate.test.ts > the gen-render worker phase > fetches every stored asset, renders the scene, and binds its report
{"event":"worker.job.stage","jobId":"job-a","attemptId":"attempt-a","tenantId":"ten_a","workflowPhase":"gen-render","deletionEpoch":0,"restoreEpoch":0,"phase":"render","stage":"scene-render","fraction":0.2,"framesProcessed":0,"framesTotal":30}

stdout | src/worker-job-handler.generate.test.ts > the gen-render worker phase > fetches every stored asset, renders the scene, and binds its report
{"event":"worker.job.stage","jobId":"job-a","attemptId":"attempt-a","tenantId":"ten_a","workflowPhase":"gen-render","deletionEpoch":0,"restoreEpoch":0,"phase":"render","stage":"upload","fraction":0.95,"framesProcessed":30,"framesTotal":30}

stdout | src/worker-job-handler.generate.test.ts > the gen-render worker phase > refuses an asset whose bytes are not the ones the API bound
{"event":"worker.job.stage","jobId":"job-a","attemptId":"attempt-a","tenantId":"ten_a","workflowPhase":"gen-render","deletionEpoch":0,"restoreEpoch":0,"phase":"render","stage":"scene-assets","fraction":0.05,"framesProcessed":0,"framesTotal":30}

stdout | src/worker-job-handler.generate.test.ts > the gen-render worker phase > publishes nothing when audio validation or mux is cancelled
{"event":"worker.job.stage","jobId":"job-a","attemptId":"attempt-a","tenantId":"ten_a","workflowPhase":"gen-render","deletionEpoch":0,"restoreEpoch":0,"phase":"render","stage":"scene-assets","fraction":0.05,"framesProcessed":0,"framesTotal":30}

stdout | src/worker-job-handler.generate.test.ts > the gen-render worker phase > publishes nothing when audio validation or mux is cancelled
{"event":"worker.job.stage","jobId":"job-a","attemptId":"attempt-a","tenantId":"ten_a","workflowPhase":"gen-render","deletionEpoch":0,"restoreEpoch":0,"phase":"render","stage":"scene-render","fraction":0.2,"framesProcessed":0,"framesTotal":30}

 ✓ src/worker-job-handler.generate.test.ts (12 tests) 125ms
 ✓ src/partial-render-cache.test.ts (3 tests) 130ms
 ✓ src/render-app/generated.test.ts (20 tests) 99ms
 ✓ src/scene/spec-compile.test.ts (11 tests) 91ms
 ✓ src/process-runner.test.ts (5 tests) 96ms
 ✓ src/self-hosted-3d-material-provider.test.ts (17 tests) 90ms
stdout | src/index.test.ts > worker entrypoint > routes an analysis job through the workflow handler to source download
{"event":"worker.job.stage","jobId":"job-a","attemptId":"attempt-a","tenantId":"ten_a","workflowPhase":"analyze","deletionEpoch":0,"restoreEpoch":0,"phase":"prepare","stage":"download","fraction":0.05,"framesProcessed":null,"framesTotal":null}

stdout | src/index.test.ts > worker entrypoint > routes an object-form asset to the 3D provider, which refuses when unconfigured
{"event":"worker.job.stage","jobId":"job-a","attemptId":"attempt-a","tenantId":"ten_a","workflowPhase":"assets","deletionEpoch":0,"restoreEpoch":0,"phase":"prepare","stage":"scene-assets","fraction":0.2,"framesProcessed":null,"framesTotal":null}

stdout | src/index.test.ts > worker entrypoint > wires the assets phase's real image material provider end to end
{"event":"worker.job.stage","jobId":"job-a","attemptId":"attempt-a","tenantId":"ten_a","workflowPhase":"assets","deletionEpoch":0,"restoreEpoch":0,"phase":"prepare","stage":"scene-assets","fraction":0.2,"framesProcessed":null,"framesTotal":null}

stdout | src/index.test.ts > worker entrypoint > wires the assets phase's real image material provider end to end
{"event":"worker.job.stage","jobId":"job-a","attemptId":"attempt-a","tenantId":"ten_a","workflowPhase":"assets","deletionEpoch":0,"restoreEpoch":0,"phase":"prepare","stage":"scene-assets","fraction":1,"framesProcessed":null,"framesTotal":null}

 ✓ src/index.test.ts (3 tests) 158ms
 ✓ src/resolve-scene-assets.test.ts (8 tests) 29ms
 ✓ src/worker-api.test.ts (5 tests) 36ms
 ✓ src/scene-package-archive.test.ts (1 test) 33ms
 ✓ src/scene/scene-compiler.test.ts (16 tests) 41ms
 ✓ src/worker-preflight.test.ts (13 tests) 82ms
 ✓ src/material-provider.test.ts (18 tests) 43ms
 ✓ src/render-app/dom-renderer.test.ts (14 tests) 41ms
stdout | src/evidence/render-evidence-video.test.ts > buildEvidenceOverlayFilter > drops the densest tracks rather than building an unrenderable graph
{"event":"worker.evidence.overlay.truncated","tracksDrawn":1,"tracksTotal":2,"maxClauses":4000}

 ✓ src/evidence/render-evidence-video.test.ts (12 tests) 48ms
 ✓ src/media-normalizer.test.ts (1 test) 28ms
 ✓ src/render-app/webgl.test.ts (6 tests) 20ms
 ✓ src/generated-video-delivery.test.ts (1 test) 12ms
 ✓ src/evidence/vfx-labels.test.ts (4 tests) 41ms
 ✓ src/blender-glb-contract.test.ts (8 tests) 19ms
 ✓ src/blender-capability.test.ts (7 tests) 15ms
 ✓ src/worker-config.test.ts (7 tests) 15ms
 ✓ src/remote-image-material-provider.test.ts (4 tests) 11ms
 ✓ src/capture/browser.test.ts (6 tests) 14ms
 ✓ src/evidence/tracks.test.ts (7 tests) 12ms
 ✓ src/material-seed.test.ts (4 tests) 6ms
 ↓ src/generated-video-delivery.real.test.ts (1 test | 1 skipped)
 ✓ src/gen-render-delivery.determinism.test.ts (2 tests) 14568ms
   ✓ renderGeneratedDelivery determinism > produces identical frames, metadata and packages across independent processes and CPU load  12489ms
   ✓ renderGeneratedDelivery determinism > renders a 16:9 scene at 1920x1080, not the portrait default  2077ms

 Test Files  37 passed | 1 skipped (38)
      Tests  321 passed | 1 skipped (322)
   Start at  17:44:11
   Duration  15.43s (transform 1.11s, setup 0ms, collect 5.41s, tests 18.60s, environment 11ms, prepare 3.78s)

