$ vitest --run

 RUN  v3.2.4 /home/singlerr/ref_studio-motion-complete/apps/worker

 ✓ src/self-hosted-video-material-provider.test.ts (6 tests) 509ms
   ✓ createSelfHostedVideoMaterialProvider > retimes a real native clip to the scene's own canvas, fps and frame count (real ffmpeg)  450ms
 ✓ src/audio-decoder.test.ts (8 tests) 890ms
   ✓ validated generated audio > renders the same real AAC fixture to byte-identical MP4 twice  808ms
stdout | src/worker-job-handler.test.ts > workflow job handler > analyzes every normalized source frame without creating a preview
{"event":"worker.job.stage","jobId":"job-a","attemptId":"attempt-a","tenantId":"ten_a","workflowPhase":"analyze","deletionEpoch":0,"restoreEpoch":0,"phase":"prepare","stage":"download","fraction":0.05,"framesProcessed":null,"framesTotal":null}

stdout | src/worker-job-handler.test.ts > workflow job handler > analyzes every normalized source frame without creating a preview
{"event":"worker.job.stage","jobId":"job-a","attemptId":"attempt-a","tenantId":"ten_a","workflowPhase":"analyze","deletionEpoch":0,"restoreEpoch":0,"phase":"prepare","stage":"ffprobe","fraction":0.12,"framesProcessed":null,"framesTotal":null}

stdout | src/worker-job-handler.test.ts > workflow job handler > analyzes every normalized source frame without creating a preview
{"event":"worker.job.stage","jobId":"job-a","attemptId":"attempt-a","tenantId":"ten_a","workflowPhase":"analyze","deletionEpoch":0,"restoreEpoch":0,"phase":"prepare","stage":"normalize","fraction":0.25,"framesProcessed":null,"framesTotal":null}

stdout | src/worker-job-handler.test.ts > workflow job handler > analyzes every normalized source frame without creating a preview
{"event":"worker.job.stage","jobId":"job-a","attemptId":"attempt-a","tenantId":"ten_a","workflowPhase":"analyze","deletionEpoch":0,"restoreEpoch":0,"phase":"prepare","stage":"compiler","fraction":0.55,"framesProcessed":null,"framesTotal":null}

stdout | src/worker-job-handler.test.ts > workflow job handler > analyzes every normalized source frame without creating a preview
{"event":"worker.job.stage","jobId":"job-a","attemptId":"attempt-a","tenantId":"ten_a","workflowPhase":"analyze","deletionEpoch":0,"restoreEpoch":0,"phase":"prepare","stage":"compiler:analysis","fraction":0.675,"framesProcessed":null,"framesTotal":null}

stdout | src/worker-job-handler.test.ts > workflow job handler > analyzes every normalized source frame without creating a preview
{"event":"worker.job.stage","jobId":"job-a","attemptId":"attempt-a","tenantId":"ten_a","workflowPhase":"analyze","deletionEpoch":0,"restoreEpoch":0,"phase":"prepare","stage":"evidence","fraction":1,"framesProcessed":120,"framesTotal":120}

stdout | src/worker-job-handler.test.ts > workflow job handler > recompiles resolved evidence without downloading source media
{"event":"worker.job.stage","jobId":"job-a","attemptId":"attempt-a","tenantId":"ten_a","workflowPhase":"compile","deletionEpoch":0,"restoreEpoch":0,"phase":"prepare","stage":"scene-compile","fraction":0.5,"framesProcessed":null,"framesTotal":null}

stdout | src/worker-job-handler.test.ts > workflow job handler > recompiles resolved evidence without downloading source media
{"event":"worker.job.stage","jobId":"job-a","attemptId":"attempt-a","tenantId":"ten_a","workflowPhase":"compile","deletionEpoch":0,"restoreEpoch":0,"phase":"prepare","stage":"scene-compile","fraction":1,"framesProcessed":null,"framesTotal":null}

stdout | src/worker-job-handler.test.ts > workflow job handler > renders the promoted IR into the preview slot
{"event":"worker.job.stage","jobId":"job-a","attemptId":"attempt-a","tenantId":"ten_a","workflowPhase":"preview","deletionEpoch":0,"restoreEpoch":0,"phase":"prepare","stage":"download","fraction":0.05,"framesProcessed":null,"framesTotal":null}

stdout | src/worker-job-handler.test.ts > workflow job handler > renders the promoted IR into the preview slot
{"event":"worker.job.stage","jobId":"job-a","attemptId":"attempt-a","tenantId":"ten_a","workflowPhase":"preview","deletionEpoch":0,"restoreEpoch":0,"phase":"prepare","stage":"ffprobe","fraction":0.12,"framesProcessed":null,"framesTotal":null}

stdout | src/worker-job-handler.test.ts > workflow job handler > renders the promoted IR into the preview slot
{"event":"worker.job.stage","jobId":"job-a","attemptId":"attempt-a","tenantId":"ten_a","workflowPhase":"preview","deletionEpoch":0,"restoreEpoch":0,"phase":"prepare","stage":"normalize","fraction":0.25,"framesProcessed":null,"framesTotal":null}

stdout | src/worker-job-handler.test.ts > workflow job handler > renders the promoted IR into the preview slot
{"event":"worker.job.stage","jobId":"job-a","attemptId":"attempt-a","tenantId":"ten_a","workflowPhase":"preview","deletionEpoch":0,"restoreEpoch":0,"phase":"prepare","stage":"scene-render","fraction":0.4,"framesProcessed":0,"framesTotal":120}

stdout | src/worker-job-handler.test.ts > workflow job handler > renders the promoted IR into the preview slot
{"event":"worker.job.stage","jobId":"job-a","attemptId":"attempt-a","tenantId":"ten_a","workflowPhase":"preview","deletionEpoch":0,"restoreEpoch":0,"phase":"prepare","stage":"preview-upload","fraction":0.95,"framesProcessed":120,"framesTotal":120}

stdout | src/worker-job-handler.test.ts > workflow job handler > renders the promoted IR into the preview slot
{"event":"worker.artifact.upload.started","jobId":"job-a","attemptId":"attempt-a","tenantId":"ten_a","phase":"preview","deletionEpoch":0,"restoreEpoch":0,"artifactKind":"preview"}

stdout | src/worker-job-handler.test.ts > workflow job handler > renders the promoted IR into the preview slot
{"event":"worker.artifact.upload.completed","jobId":"job-a","attemptId":"attempt-a","tenantId":"ten_a","phase":"preview","deletionEpoch":0,"restoreEpoch":0,"artifactKind":"preview","artifactId":"preview-a","sha256":"dddddddddddddddddddddddddddddddddddddddddddddddddddddddddddddddd","sizeBytes":12}

stdout | src/worker-job-handler.test.ts > workflow job handler > strips the worker-local safetySampleFramePath from the preview report
{"event":"worker.job.stage","jobId":"job-a","attemptId":"attempt-a","tenantId":"ten_a","workflowPhase":"preview","deletionEpoch":0,"restoreEpoch":0,"phase":"prepare","stage":"download","fraction":0.05,"framesProcessed":null,"framesTotal":null}

stdout | src/worker-job-handler.test.ts > workflow job handler > strips the worker-local safetySampleFramePath from the preview report
{"event":"worker.job.stage","jobId":"job-a","attemptId":"attempt-a","tenantId":"ten_a","workflowPhase":"preview","deletionEpoch":0,"restoreEpoch":0,"phase":"prepare","stage":"ffprobe","fraction":0.12,"framesProcessed":null,"framesTotal":null}

stdout | src/worker-job-handler.test.ts > workflow job handler > strips the worker-local safetySampleFramePath from the preview report
{"event":"worker.job.stage","jobId":"job-a","attemptId":"attempt-a","tenantId":"ten_a","workflowPhase":"preview","deletionEpoch":0,"restoreEpoch":0,"phase":"prepare","stage":"normalize","fraction":0.25,"framesProcessed":null,"framesTotal":null}

stdout | src/worker-job-handler.test.ts > workflow job handler > strips the worker-local safetySampleFramePath from the preview report
{"event":"worker.job.stage","jobId":"job-a","attemptId":"attempt-a","tenantId":"ten_a","workflowPhase":"preview","deletionEpoch":0,"restoreEpoch":0,"phase":"prepare","stage":"scene-render","fraction":0.4,"framesProcessed":0,"framesTotal":120}

stdout | src/worker-job-handler.test.ts > workflow job handler > strips the worker-local safetySampleFramePath from the preview report
{"event":"worker.job.stage","jobId":"job-a","attemptId":"attempt-a","tenantId":"ten_a","workflowPhase":"preview","deletionEpoch":0,"restoreEpoch":0,"phase":"prepare","stage":"preview-upload","fraction":0.95,"framesProcessed":120,"framesTotal":120}

stdout | src/worker-job-handler.test.ts > workflow job handler > strips the worker-local safetySampleFramePath from the preview report
{"event":"worker.artifact.upload.started","jobId":"job-a","attemptId":"attempt-a","tenantId":"ten_a","phase":"preview","deletionEpoch":0,"restoreEpoch":0,"artifactKind":"preview"}

stdout | src/worker-job-handler.test.ts > workflow job handler > strips the worker-local safetySampleFramePath from the preview report
{"event":"worker.artifact.upload.completed","jobId":"job-a","attemptId":"attempt-a","tenantId":"ten_a","phase":"preview","deletionEpoch":0,"restoreEpoch":0,"artifactKind":"preview","artifactId":"preview-a","sha256":"dddddddddddddddddddddddddddddddddddddddddddddddddddddddddddddddd","sizeBytes":12}

stdout | src/worker-job-handler.test.ts > workflow job handler > never touches the material provider factory for a restore-track render
{"event":"worker.job.stage","jobId":"job-a","attemptId":"attempt-a","tenantId":"ten_a","workflowPhase":"render","deletionEpoch":0,"restoreEpoch":0,"phase":"render","stage":"download","fraction":0.05,"framesProcessed":null,"framesTotal":null}

stdout | src/worker-job-handler.test.ts > workflow job handler > never touches the material provider factory for a restore-track render
{"event":"worker.job.stage","jobId":"job-a","attemptId":"attempt-a","tenantId":"ten_a","workflowPhase":"render","deletionEpoch":0,"restoreEpoch":0,"phase":"render","stage":"ffprobe","fraction":0.12,"framesProcessed":null,"framesTotal":null}

stdout | src/worker-job-handler.test.ts > workflow job handler > never touches the material provider factory for a restore-track render
{"event":"worker.job.stage","jobId":"job-a","attemptId":"attempt-a","tenantId":"ten_a","workflowPhase":"render","deletionEpoch":0,"restoreEpoch":0,"phase":"render","stage":"normalize","fraction":0.25,"framesProcessed":null,"framesTotal":null}

stdout | src/worker-job-handler.test.ts > workflow job handler > never touches the material provider factory for a restore-track render
{"event":"worker.job.stage","jobId":"job-a","attemptId":"attempt-a","tenantId":"ten_a","workflowPhase":"render","deletionEpoch":0,"restoreEpoch":0,"phase":"render","stage":"scene-render","fraction":0.4,"framesProcessed":0,"framesTotal":120}

stdout | src/worker-job-handler.test.ts > workflow job handler > never touches the material provider factory for a restore-track render
{"event":"worker.job.stage","jobId":"job-a","attemptId":"attempt-a","tenantId":"ten_a","workflowPhase":"render","deletionEpoch":0,"restoreEpoch":0,"phase":"render","stage":"upload","fraction":0.95,"framesProcessed":120,"framesTotal":120}

stdout | src/worker-job-handler.test.ts > workflow job handler > never touches the material provider factory for a restore-track render
{"event":"worker.artifact.upload.started","jobId":"job-a","attemptId":"attempt-a","tenantId":"ten_a","phase":"render","deletionEpoch":0,"restoreEpoch":0,"artifactKind":"delivery"}

stdout | src/worker-job-handler.test.ts > workflow job handler > never touches the material provider factory for a restore-track render
{"event":"worker.artifact.upload.completed","jobId":"job-a","attemptId":"attempt-a","tenantId":"ten_a","phase":"render","deletionEpoch":0,"restoreEpoch":0,"artifactKind":"delivery","artifactId":"artifact-a","sha256":"cccccccccccccccccccccccccccccccccccccccccccccccccccccccccccccccc","sizeBytes":12}

stdout | src/worker-job-handler.test.ts > workflow job handler > rejects tampered evidence and browser-pass digests before rendering
{"event":"worker.job.stage","jobId":"job-a","attemptId":"attempt-a","tenantId":"ten_a","workflowPhase":"render","deletionEpoch":0,"restoreEpoch":0,"phase":"render","stage":"download","fraction":0.05,"framesProcessed":null,"framesTotal":null}

stdout | src/worker-job-handler.test.ts > workflow job handler > rejects tampered evidence and browser-pass digests before rendering
{"event":"worker.job.stage","jobId":"job-a","attemptId":"attempt-a","tenantId":"ten_a","workflowPhase":"render","deletionEpoch":0,"restoreEpoch":0,"phase":"render","stage":"ffprobe","fraction":0.12,"framesProcessed":null,"framesTotal":null}

stdout | src/worker-job-handler.test.ts > workflow job handler > rejects tampered evidence and browser-pass digests before rendering
{"event":"worker.job.stage","jobId":"job-a","attemptId":"attempt-a","tenantId":"ten_a","workflowPhase":"render","deletionEpoch":0,"restoreEpoch":0,"phase":"render","stage":"normalize","fraction":0.25,"framesProcessed":null,"framesTotal":null}

stdout | src/worker-job-handler.test.ts > workflow job handler > rejects tampered evidence and browser-pass digests before rendering
{"event":"worker.job.stage","jobId":"job-a","attemptId":"attempt-a","tenantId":"ten_a","workflowPhase":"render","deletionEpoch":0,"restoreEpoch":0,"phase":"render","stage":"download","fraction":0.05,"framesProcessed":null,"framesTotal":null}

stdout | src/worker-job-handler.test.ts > workflow job handler > rejects tampered evidence and browser-pass digests before rendering
{"event":"worker.job.stage","jobId":"job-a","attemptId":"attempt-a","tenantId":"ten_a","workflowPhase":"render","deletionEpoch":0,"restoreEpoch":0,"phase":"render","stage":"ffprobe","fraction":0.12,"framesProcessed":null,"framesTotal":null}

stdout | src/worker-job-handler.test.ts > workflow job handler > rejects tampered evidence and browser-pass digests before rendering
{"event":"worker.job.stage","jobId":"job-a","attemptId":"attempt-a","tenantId":"ten_a","workflowPhase":"render","deletionEpoch":0,"restoreEpoch":0,"phase":"render","stage":"normalize","fraction":0.25,"framesProcessed":null,"framesTotal":null}

stdout | src/worker-job-handler.test.ts > workflow job handler > aborts render and assembly at the configured deadline
{"event":"worker.job.stage","jobId":"job-a","attemptId":"attempt-a","tenantId":"ten_a","workflowPhase":"render","deletionEpoch":0,"restoreEpoch":0,"phase":"render","stage":"download","fraction":0.05,"framesProcessed":null,"framesTotal":null}

stdout | src/worker-job-handler.test.ts > workflow job handler > aborts render and assembly at the configured deadline
{"event":"worker.job.stage","jobId":"job-a","attemptId":"attempt-a","tenantId":"ten_a","workflowPhase":"render","deletionEpoch":0,"restoreEpoch":0,"phase":"render","stage":"ffprobe","fraction":0.12,"framesProcessed":null,"framesTotal":null}

stdout | src/worker-job-handler.test.ts > workflow job handler > aborts render and assembly at the configured deadline
{"event":"worker.job.stage","jobId":"job-a","attemptId":"attempt-a","tenantId":"ten_a","workflowPhase":"render","deletionEpoch":0,"restoreEpoch":0,"phase":"render","stage":"normalize","fraction":0.25,"framesProcessed":null,"framesTotal":null}

stdout | src/worker-job-handler.test.ts > workflow job handler > aborts render and assembly at the configured deadline
{"event":"worker.job.stage","jobId":"job-a","attemptId":"attempt-a","tenantId":"ten_a","workflowPhase":"render","deletionEpoch":0,"restoreEpoch":0,"phase":"render","stage":"scene-render","fraction":0.4,"framesProcessed":0,"framesTotal":120}

 ✓ src/native-scene-package.test.ts (25 tests) 548ms
stdout | src/worker-job-handler.test.ts > workflow job handler > preserves parent cancellation during render
{"event":"worker.job.stage","jobId":"job-a","attemptId":"attempt-a","tenantId":"ten_a","workflowPhase":"render","deletionEpoch":0,"restoreEpoch":0,"phase":"render","stage":"download","fraction":0.05,"framesProcessed":null,"framesTotal":null}

stdout | src/worker-job-handler.test.ts > workflow job handler > preserves parent cancellation during render
{"event":"worker.job.stage","jobId":"job-a","attemptId":"attempt-a","tenantId":"ten_a","workflowPhase":"render","deletionEpoch":0,"restoreEpoch":0,"phase":"render","stage":"ffprobe","fraction":0.12,"framesProcessed":null,"framesTotal":null}

stdout | src/worker-job-handler.test.ts > workflow job handler > preserves parent cancellation during render
{"event":"worker.job.stage","jobId":"job-a","attemptId":"attempt-a","tenantId":"ten_a","workflowPhase":"render","deletionEpoch":0,"restoreEpoch":0,"phase":"render","stage":"normalize","fraction":0.25,"framesProcessed":null,"framesTotal":null}

stdout | src/worker-job-handler.test.ts > workflow job handler > preserves parent cancellation during render
{"event":"worker.job.stage","jobId":"job-a","attemptId":"attempt-a","tenantId":"ten_a","workflowPhase":"render","deletionEpoch":0,"restoreEpoch":0,"phase":"render","stage":"scene-render","fraction":0.4,"framesProcessed":0,"framesTotal":120}

 ✓ src/worker-job-handler.test.ts (9 tests) 1171ms
 ✓ src/video-decoder.test.ts (17 tests) 501ms
   ✓ decodeVideoAsset > decodes a real H264 fixture twice to identical numbered RGB frames  366ms
 ✓ src/render-app/generated.test.ts (20 tests) 128ms
stdout | src/worker-daemon.test.ts > worker daemon API > heartbeats during a claimed job and prevents stale completion when one fails
{"event":"worker.job.claimed","workerId":"worker-test","jobId":"job-a","attemptId":"attempt-a","tenantId":null,"phase":null,"deletionEpoch":null,"restoreEpoch":null}

stdout | src/worker-daemon.test.ts > worker daemon API > combines outer cancellation with the claimed-job signal
{"event":"worker.job.claimed","workerId":"worker-test","jobId":"job-a","attemptId":"attempt-a","tenantId":null,"phase":null,"deletionEpoch":null,"restoreEpoch":null}

stdout | src/worker-daemon.test.ts > worker daemon API > reports deterministic handler error codes
{"event":"worker.job.claimed","workerId":"worker-test","jobId":"job-a","attemptId":"attempt-a","tenantId":null,"phase":null,"deletionEpoch":null,"restoreEpoch":null}

 ✓ src/worker-daemon.test.ts (20 tests) 244ms
 ✓ src/gen-render-delivery.test.ts (8 tests) 229ms
stderr | src/compiler-orchestrator.test.ts > compiler orchestrator > publishes no evidence for protocol, model, and crash failures
{"event":"worker.compiler.failed","exitCode":1,"token":"COMPILER_CRASH"}

 ✓ src/compiler-orchestrator.test.ts (7 tests) 208ms
stdout | src/worker-job-handler.generate.test.ts > the assets worker phase > reports an empty asset list for a scene that needs no material
{"event":"worker.job.stage","jobId":"job-a","attemptId":"attempt-a","tenantId":"ten_a","workflowPhase":"assets","deletionEpoch":0,"restoreEpoch":0,"phase":"prepare","stage":"scene-assets","fraction":0.2,"framesProcessed":null,"framesTotal":null}

stdout | src/worker-job-handler.generate.test.ts > the assets worker phase > reports an empty asset list for a scene that needs no material
{"event":"worker.job.stage","jobId":"job-a","attemptId":"attempt-a","tenantId":"ten_a","workflowPhase":"assets","deletionEpoch":0,"restoreEpoch":0,"phase":"prepare","stage":"scene-assets","fraction":1,"framesProcessed":null,"framesTotal":null}

stdout | src/worker-job-handler.generate.test.ts > the assets worker phase > fetches an attachment's bytes and stores them as an artifact
{"event":"worker.job.stage","jobId":"job-a","attemptId":"attempt-a","tenantId":"ten_a","workflowPhase":"assets","deletionEpoch":0,"restoreEpoch":0,"phase":"prepare","stage":"scene-assets","fraction":0.2,"framesProcessed":null,"framesTotal":null}

stdout | src/worker-job-handler.generate.test.ts > the assets worker phase > fetches an attachment's bytes and stores them as an artifact
{"event":"worker.job.stage","jobId":"job-a","attemptId":"attempt-a","tenantId":"ten_a","workflowPhase":"assets","deletionEpoch":0,"restoreEpoch":0,"phase":"prepare","stage":"scene-assets","fraction":1,"framesProcessed":null,"framesTotal":null}

stdout | src/worker-job-handler.generate.test.ts > the assets worker phase > fails the job when a scene asks for material and no provider can make it
{"event":"worker.job.stage","jobId":"job-a","attemptId":"attempt-a","tenantId":"ten_a","workflowPhase":"assets","deletionEpoch":0,"restoreEpoch":0,"phase":"prepare","stage":"scene-assets","fraction":0.2,"framesProcessed":null,"framesTotal":null}

stdout | src/worker-job-handler.generate.test.ts > the assets worker phase > records the provider's provenance when one is wired
{"event":"worker.job.stage","jobId":"job-a","attemptId":"attempt-a","tenantId":"ten_a","workflowPhase":"assets","deletionEpoch":0,"restoreEpoch":0,"phase":"prepare","stage":"scene-assets","fraction":0.2,"framesProcessed":null,"framesTotal":null}

stdout | src/worker-job-handler.generate.test.ts > the assets worker phase > records the provider's provenance when one is wired
{"event":"worker.job.stage","jobId":"job-a","attemptId":"attempt-a","tenantId":"ten_a","workflowPhase":"assets","deletionEpoch":0,"restoreEpoch":0,"phase":"prepare","stage":"scene-assets","fraction":1,"framesProcessed":null,"framesTotal":null}

stdout | src/worker-job-handler.generate.test.ts > the assets worker phase > gives up on a material provider that never returns
{"event":"worker.job.stage","jobId":"job-a","attemptId":"attempt-a","tenantId":"ten_a","workflowPhase":"assets","deletionEpoch":0,"restoreEpoch":0,"phase":"prepare","stage":"scene-assets","fraction":0.2,"framesProcessed":null,"framesTotal":null}

stdout | src/worker-job-handler.generate.test.ts > the assets worker phase > builds the real provider through the factory, once per job, with that job's id
{"event":"worker.job.stage","jobId":"job-a","attemptId":"attempt-a","tenantId":"ten_a","workflowPhase":"assets","deletionEpoch":0,"restoreEpoch":0,"phase":"prepare","stage":"scene-assets","fraction":0.2,"framesProcessed":null,"framesTotal":null}

stdout | src/worker-job-handler.generate.test.ts > the assets worker phase > builds the real provider through the factory, once per job, with that job's id
{"event":"worker.job.stage","jobId":"job-a","attemptId":"attempt-a","tenantId":"ten_a","workflowPhase":"assets","deletionEpoch":0,"restoreEpoch":0,"phase":"prepare","stage":"scene-assets","fraction":1,"framesProcessed":null,"framesTotal":null}

stdout | src/worker-job-handler.generate.test.ts > the assets worker phase > passes the material endpoints the API sent through to the factory
{"event":"worker.job.stage","jobId":"job-a","attemptId":"attempt-a","tenantId":"ten_a","workflowPhase":"assets","deletionEpoch":0,"restoreEpoch":0,"phase":"prepare","stage":"scene-assets","fraction":0.2,"framesProcessed":null,"framesTotal":null}

stdout | src/worker-job-handler.generate.test.ts > the assets worker phase > passes the material endpoints the API sent through to the factory
{"event":"worker.job.stage","jobId":"job-a","attemptId":"attempt-a","tenantId":"ten_a","workflowPhase":"assets","deletionEpoch":0,"restoreEpoch":0,"phase":"prepare","stage":"scene-assets","fraction":1,"framesProcessed":null,"framesTotal":null}

stdout | src/worker-job-handler.generate.test.ts > the assets worker phase > never calls generate on the factory's provider for a scene needing only attachments
{"event":"worker.job.stage","jobId":"job-a","attemptId":"attempt-a","tenantId":"ten_a","workflowPhase":"assets","deletionEpoch":0,"restoreEpoch":0,"phase":"prepare","stage":"scene-assets","fraction":0.2,"framesProcessed":null,"framesTotal":null}

stdout | src/worker-job-handler.generate.test.ts > the assets worker phase > never calls generate on the factory's provider for a scene needing only attachments
{"event":"worker.job.stage","jobId":"job-a","attemptId":"attempt-a","tenantId":"ten_a","workflowPhase":"assets","deletionEpoch":0,"restoreEpoch":0,"phase":"prepare","stage":"scene-assets","fraction":1,"framesProcessed":null,"framesTotal":null}

stdout | src/worker-job-handler.generate.test.ts > the gen-render worker phase > fetches every stored asset, renders the scene, and binds its report
{"event":"worker.job.stage","jobId":"job-a","attemptId":"attempt-a","tenantId":"ten_a","workflowPhase":"gen-render","deletionEpoch":0,"restoreEpoch":0,"phase":"render","stage":"scene-assets","fraction":0.05,"framesProcessed":0,"framesTotal":30}

stdout | src/worker-job-handler.generate.test.ts > the gen-render worker phase > fetches every stored asset, renders the scene, and binds its report
{"event":"worker.job.stage","jobId":"job-a","attemptId":"attempt-a","tenantId":"ten_a","workflowPhase":"gen-render","deletionEpoch":0,"restoreEpoch":0,"phase":"render","stage":"scene-render","fraction":0.2,"framesProcessed":0,"framesTotal":30}

stdout | src/worker-job-handler.generate.test.ts > the gen-render worker phase > fetches every stored asset, renders the scene, and binds its report
{"event":"worker.job.stage","jobId":"job-a","attemptId":"attempt-a","tenantId":"ten_a","workflowPhase":"gen-render","deletionEpoch":0,"restoreEpoch":0,"phase":"render","stage":"upload","fraction":0.95,"framesProcessed":30,"framesTotal":30}

stdout | src/worker-job-handler.generate.test.ts > the gen-render worker phase > refuses an asset whose bytes are not the ones the API bound
{"event":"worker.job.stage","jobId":"job-a","attemptId":"attempt-a","tenantId":"ten_a","workflowPhase":"gen-render","deletionEpoch":0,"restoreEpoch":0,"phase":"render","stage":"scene-assets","fraction":0.05,"framesProcessed":0,"framesTotal":30}

stdout | src/worker-job-handler.generate.test.ts > the gen-render worker phase > publishes nothing when audio validation or mux is cancelled
{"event":"worker.job.stage","jobId":"job-a","attemptId":"attempt-a","tenantId":"ten_a","workflowPhase":"gen-render","deletionEpoch":0,"restoreEpoch":0,"phase":"render","stage":"scene-assets","fraction":0.05,"framesProcessed":0,"framesTotal":30}

stdout | src/worker-job-handler.generate.test.ts > the gen-render worker phase > publishes nothing when audio validation or mux is cancelled
{"event":"worker.job.stage","jobId":"job-a","attemptId":"attempt-a","tenantId":"ten_a","workflowPhase":"gen-render","deletionEpoch":0,"restoreEpoch":0,"phase":"render","stage":"scene-render","fraction":0.2,"framesProcessed":0,"framesTotal":30}

 ✓ src/worker-job-handler.generate.test.ts (12 tests) 130ms
 ✓ src/render-delivery.test.ts (2 tests) 151ms
 ✓ src/api-relay.test.ts (3 tests) 122ms
 ✓ src/partial-render-cache.test.ts (3 tests) 182ms
 ✓ src/scene/spec-compile.test.ts (11 tests) 148ms
 ✓ src/process-runner.test.ts (5 tests) 94ms
 ✓ src/worker-config.test.ts (7 tests) 18ms
 ✓ src/self-hosted-3d-material-provider.test.ts (17 tests) 70ms
stdout | src/index.test.ts > worker entrypoint > routes an analysis job through the workflow handler to source download
{"event":"worker.job.stage","jobId":"job-a","attemptId":"attempt-a","tenantId":"ten_a","workflowPhase":"analyze","deletionEpoch":0,"restoreEpoch":0,"phase":"prepare","stage":"download","fraction":0.05,"framesProcessed":null,"framesTotal":null}

stdout | src/index.test.ts > worker entrypoint > routes an object-form asset to the 3D provider, which refuses when unconfigured
{"event":"worker.job.stage","jobId":"job-a","attemptId":"attempt-a","tenantId":"ten_a","workflowPhase":"assets","deletionEpoch":0,"restoreEpoch":0,"phase":"prepare","stage":"scene-assets","fraction":0.2,"framesProcessed":null,"framesTotal":null}

stdout | src/index.test.ts > worker entrypoint > wires the assets phase's real image material provider end to end
{"event":"worker.job.stage","jobId":"job-a","attemptId":"attempt-a","tenantId":"ten_a","workflowPhase":"assets","deletionEpoch":0,"restoreEpoch":0,"phase":"prepare","stage":"scene-assets","fraction":0.2,"framesProcessed":null,"framesTotal":null}

stdout | src/index.test.ts > worker entrypoint > wires the assets phase's real image material provider end to end
{"event":"worker.job.stage","jobId":"job-a","attemptId":"attempt-a","tenantId":"ten_a","workflowPhase":"assets","deletionEpoch":0,"restoreEpoch":0,"phase":"prepare","stage":"scene-assets","fraction":1,"framesProcessed":null,"framesTotal":null}

 ✓ src/index.test.ts (3 tests) 90ms
 ✓ src/worker-api.test.ts (5 tests) 119ms
 ✓ src/scene/scene-compiler.test.ts (16 tests) 66ms
 ✓ src/media-normalizer.test.ts (1 test) 25ms
stdout | src/evidence/render-evidence-video.test.ts > buildEvidenceOverlayFilter > drops the densest tracks rather than building an unrenderable graph
{"event":"worker.evidence.overlay.truncated","tracksDrawn":1,"tracksTotal":2,"maxClauses":4000}

 ✓ src/evidence/render-evidence-video.test.ts (12 tests) 35ms
 ✓ src/worker-preflight.test.ts (13 tests) 36ms
 ✓ src/resolve-scene-assets.test.ts (8 tests) 31ms
 ✓ src/render-app/dom-renderer.test.ts (14 tests) 26ms
 ✓ src/blender-capability.test.ts (7 tests) 10ms
 ✓ src/capture/browser.test.ts (6 tests) 14ms
 ✓ src/remote-image-material-provider.test.ts (4 tests) 10ms
 ✓ src/blender-glb-contract.test.ts (8 tests) 25ms
 ✓ src/material-provider.test.ts (18 tests) 18ms
 ✓ src/material-seed.test.ts (4 tests) 6ms
 ✓ src/generated-video-delivery.test.ts (1 test) 14ms
 ✓ src/scene-package-archive.test.ts (1 test) 29ms
 ✓ src/render-app/webgl.test.ts (6 tests) 17ms
 ✓ src/evidence/vfx-labels.test.ts (4 tests) 27ms
 ✓ src/evidence/tracks.test.ts (7 tests) 13ms
 ↓ src/gen-render-delivery.determinism.test.ts (2 tests | 2 skipped)

 Test Files  36 passed | 1 skipped (37)
      Tests  318 passed | 2 skipped (320)
   Start at  21:44:49
   Duration  8.97s (transform 1.77s, setup 0ms, collect 6.49s, tests 5.96s, environment 14ms, prepare 4.78s)

